[    1123ms] [LOG] [MKTZ] Consent is disabled @ https://cdn.omniconvert.com/js/tb712b5.js:0
[    1125ms] [LOG] options.gaEnabled @ https://cdn.omniconvert.com/js/tb712b5.js:0
[    1125ms] [LOG] true @ https://cdn.omniconvert.com/js/tb712b5.js:0
[    5858ms] [LOG] [Loaded CSS, //a.klaviyo.com/media/css/public/klaviyo_subscribe.css] @ https://www.klaviyo.com/media/js/public/klaviyo_subscribe.js:39
[    5860ms] [LOG] [Loaded JS, //cdnjs.cloudflare.com/ajax/libs/jquery.form/3.32/jquery.form.min.js] @ https://www.klaviyo.com/media/js/public/klaviyo_subscribe.js:39
[    6102ms] [LOG] [Waiting for DOM to process queue.] @ https://www.klaviyo.com/media/js/public/klaviyo_subscribe.js:39
[    6423ms] [LOG] [Processing queue.] @ https://www.klaviyo.com/media/js/public/klaviyo_subscribe.js:39
[    6423ms] [LOG] [Attaching to forms, #email_signup, 1] @ https://www.klaviyo.com/media/js/public/klaviyo_subscribe.js:39
[    6432ms] Uncaught TypeError: a.ajaxForm is not a function
    at <anonymous> (https://www.klaviyo.com/media/js/public/klaviyo_subscribe.js:12:402)
    at each (https://diamondbackcovers.com/cdn/shop/t/157/assets/vendor.js?v=84189968731261004731734561537:0:14231)
    at each (https://diamondbackcovers.com/cdn/shop/t/157/assets/vendor.js?v=84189968731261004731734561537:0:12208)
    at <anonymous> (https://www.klaviyo.com/media/js/public/klaviyo_subscribe.js:12:278)
    at b (https://www.klaviyo.com/media/js/public/klaviyo_subscribe.js:8:150)
    at j (https://code.jquery.com/jquery-1.11.3.min.js:1:27308)
    at fireWith (https://code.jquery.com/jquery-1.11.3.min.js:1:28121)
    at ready (https://code.jquery.com/jquery-1.11.3.min.js:1:29955)
    at J (https://code.jquery.com/jquery-1.11.3.min.js:1:30321)
    at a (event-observer-collector.js:1:530)
[    6434ms] [LOG] [Klaviyo / Onsite] Initializing. @ https://a.klaviyo.com/media/js/onsite/onsite.js:143
[    6434ms] [LOG] [Klaviyo / Onsite] Executing: init @ https://a.klaviyo.com/media/js/onsite/onsite.js:143
[    6435ms] [LOG] [Klaviyo / Onsite] Executing: enable @ https://a.klaviyo.com/media/js/onsite/onsite.js:143
[    6490ms] [ERROR] Failed to load resource: the server responded with a status of 404 () @ https://diamondbackcovers.com/cdn/shop/t/160/assets/ico-select.svg?v=155563818344741998551736171376:0
[    7633ms] [LOG] [Klaviyo / Onsite] Variants:  6 Unavailable Variants:  0 @ https://a.klaviyo.com/media/js/onsite/onsite.js:143
[    9774ms] TypeError: Cannot read properties of null (reading 'querySelector')
    at clr8EventHandler (https://diamondbackcovers.com/products/diamondbackhd:8892:39)
    at a (event-observer-collector.js:2:531)
[   10819ms] [WARNING] Klaviyo tracking is disabled. To enable, set the cookie "__kla_off" to false. {is_robot: true, __kla_off: } @ https://static-tracking.klaviyo.com/onsite/js/fender_analytics.260bfd76609a3.js?cb=2:0
[   12042ms] [WARNING] Hotjar not launching due to suspicious userAgent: Mozilla/5.0 (Windows NT 10.0; Win64; x64) AppleWebKit/537.36 (KHTML, like Gecko) HeadlessChrome/154.0.0.0 Safari/537.36 @ https://browser.sentry-cdn.com/10.75.0/bundle.tracing.replay.logs.metrics.min.js:1
[   12115ms] [LOG] [Processing queue.] @ https://browser.sentry-cdn.com/10.75.0/bundle.tracing.replay.logs.metrics.min.js:1
[   12120ms] [ERROR] Failed to load resource: the server responded with a status of 410 () @ https://www.paypal.com/tagmanager/pptm.js?id=002ad141-2087-11e8-bfb8-5956e592eb61&shop=diamondback-truck-covers.myshopify.com:0
[   12183ms] [INFO] k-web-pixel-version 2 @ https://diamondbackcovers.com/web-pixels/strict/app/web-pixel-1301282915@c63c5b72c8d77be5f2d27d14c081da38.js:0
[   12284ms] [WARNING] [Meta Pixel] - Duplicate Pixel ID: 1427881420843612. @ https://browser.sentry-cdn.com/10.75.0/bundle.tracing.replay.logs.metrics.min.js:1
[   12376ms] [WARNING] Rebuy JS is already loaded. @ https://browser.sentry-cdn.com/10.75.0/bundle.tracing.replay.logs.metrics.min.js:1
[   12760ms] [WARNING] In a sandboxed environment, addEventListener may not behave as expected. @ https://diamondbackcovers.com/cdn/wpm/s0a3c9e70wd8b01bb2p898e1257m7e92acc4m.js:0
[   13514ms] [LOG] %c

📈 Increased conversion rates
📈 Increased average order value
📈 Increased customer lifetime value


Learn more at: https://developers.rebuyengine.com/

 font-size: 14px; @ https://browser.sentry-cdn.com/10.75.0/bundle.tracing.replay.logs.metrics.min.js:1
[   14475ms] [LOG] affirmAmount $105 @ https://browser.sentry-cdn.com/10.75.0/bundle.tracing.replay.logs.metrics.min.js:1
[   15072ms] [WARNING] [olark][warn] Google Analytics Integration is unable to detect Google Analytics on this page @ https://browser.sentry-cdn.com/10.75.0/bundle.tracing.replay.logs.metrics.min.js:1
