[     903ms] [LOG] [MKTZ] Consent is disabled @ https://cdn.omniconvert.com/js/tb712b5.js:0
[    3211ms] [LOG] [Loaded CSS, //a.klaviyo.com/media/css/public/klaviyo_subscribe.css] @ https://www.klaviyo.com/media/js/public/klaviyo_subscribe.js:39
[    3211ms] [LOG] [Loaded JS, //cdnjs.cloudflare.com/ajax/libs/jquery.form/3.32/jquery.form.min.js] @ https://www.klaviyo.com/media/js/public/klaviyo_subscribe.js:39
[    3346ms] [LOG] [Klaviyo / Onsite] Initializing. @ https://a.klaviyo.com/media/js/onsite/onsite.js:143
[    3346ms] [LOG] [Klaviyo / Onsite] Executing: init @ https://a.klaviyo.com/media/js/onsite/onsite.js:143
[    3346ms] [LOG] [Klaviyo / Onsite] Executing: enable @ https://a.klaviyo.com/media/js/onsite/onsite.js:143
[    3358ms] Error: Syntax error, unrecognized expression: #?mktz_sp=cd2d4f7a6532ad80e6151b8b8ab0c414&mktz_p=1713761-1778425
    at t.error (https://diamondbackcovers.com/cdn/shop/t/157/assets/vendor.js?v=84189968731261004731734561537:1:25658)
    at t.tokenize (https://diamondbackcovers.com/cdn/shop/t/157/assets/vendor.js?v=84189968731261004731734561537:1:31665)
    at t.select (https://diamondbackcovers.com/cdn/shop/t/157/assets/vendor.js?v=84189968731261004731734561537:1:32485)
    at Z.t [as find] (https://diamondbackcovers.com/cdn/shop/t/157/assets/vendor.js?v=84189968731261004731734561537:1:16369)
    at Z.fn.init.find (https://diamondbackcovers.com/cdn/shop/t/157/assets/vendor.js?v=84189968731261004731734561537:1:34707)
    at new Z.fn.init (https://diamondbackcovers.com/cdn/shop/t/157/assets/vendor.js?v=84189968731261004731734561537:1:35263)
    at Z (https://diamondbackcovers.com/cdn/shop/t/157/assets/vendor.js?v=84189968731261004731734561537:1:11760)
    at theme.init (https://diamondbackcovers.com/cdn/shop/t/157/assets/theme.js?v=3126933980297391461759422295:1:46134)
    at u (https://diamondbackcovers.com/cdn/shop/t/157/assets/vendor.js?v=84189968731261004731734561537:1:37877)
    at Object.fireWith [as resolveWith] (https://diamondbackcovers.com/cdn/shop/t/157/assets/vendor.js?v=84189968731261004731734561537:1:38634)
[    3657ms] [LOG] [Waiting for DOM to process queue.] @ https://www.klaviyo.com/media/js/public/klaviyo_subscribe.js:39
[    4251ms] [WARNING] Klaviyo tracking is disabled. To enable, set the cookie "__kla_off" to false. {is_robot: true, __kla_off: } @ https://browser.sentry-cdn.com/10.75.0/bundle.tracing.replay.logs.metrics.min.js:1
[    4335ms] [INFO] k-web-pixel-version 2 @ https://diamondbackcovers.com/web-pixels/strict/app/web-pixel-1301282915@c63c5b72c8d77be5f2d27d14c081da38.js:0
[    4364ms] [WARNING] [Meta Pixel] - Duplicate Pixel ID: 1427881420843612. @ https://browser.sentry-cdn.com/10.75.0/bundle.tracing.replay.logs.metrics.min.js:1
[    4765ms] [WARNING] Rebuy JS is already loaded. @ https://browser.sentry-cdn.com/10.75.0/bundle.tracing.replay.logs.metrics.min.js:1
[    4937ms] [WARNING] Hotjar not launching due to suspicious userAgent: Mozilla/5.0 (Windows NT 10.0; Win64; x64) AppleWebKit/537.36 (KHTML, like Gecko) HeadlessChrome/154.0.0.0 Safari/537.36 @ https://browser.sentry-cdn.com/10.75.0/bundle.tracing.replay.logs.metrics.min.js:1
[    4950ms] [ERROR] Failed to load resource: the server responded with a status of 410 () @ https://www.paypal.com/tagmanager/pptm.js?id=002ad141-2087-11e8-bfb8-5956e592eb61&shop=diamondback-truck-covers.myshopify.com:0
[    4954ms] [LOG] %c

📈 Increased conversion rates
📈 Increased average order value
📈 Increased customer lifetime value


Learn more at: https://developers.rebuyengine.com/

 font-size: 14px; @ https://browser.sentry-cdn.com/10.75.0/bundle.tracing.replay.logs.metrics.min.js:1
[    5313ms] [WARNING] [olark][warn] Google Analytics Integration is unable to detect Google Analytics on this page @ https://browser.sentry-cdn.com/10.75.0/bundle.tracing.replay.logs.metrics.min.js:1
[    6281ms] [WARNING] In a sandboxed environment, addEventListener may not behave as expected. @ https://diamondbackcovers.com/cdn/wpm/s0a3c9e70wd8b01bb2p898e1257m7e92acc4m.js:0
[    8660ms] [LOG] [Processing queue.] @ https://browser.sentry-cdn.com/10.75.0/bundle.tracing.replay.logs.metrics.min.js:1
[    8661ms] [LOG] [Attaching to forms, #email_signup, 1] @ https://browser.sentry-cdn.com/10.75.0/bundle.tracing.replay.logs.metrics.min.js:1
[    8663ms] [LOG] [Attached to form, form#email_signup.klaviyo_bare_embed_MApYgr] @ https://browser.sentry-cdn.com/10.75.0/bundle.tracing.replay.logs.metrics.min.js:1
[   49663ms] [ERROR] Access to XMLHttpRequest at 'https://a.klaviyo.com/onsite/track-analytics?company_id=JBFVfw' from origin 'https://diamondbackcovers.com' has been blocked by CORS policy: No 'Access-Control-Allow-Origin' header is present on the requested resource. @ https://diamondbackcovers.com/#?mktz_sp=cd2d4f7a6532ad80e6151b8b8ab0c414&mktz_p=1713761-1778425:0
[   49664ms] [ERROR] Failed to load resource: net::ERR_FAILED @ https://a.klaviyo.com/onsite/track-analytics?company_id=JBFVfw:0
[   49672ms] [ERROR] Access to XMLHttpRequest at 'https://a.klaviyo.com/onsite/track-analytics?company_id=JBFVfw' from origin 'https://diamondbackcovers.com' has been blocked by CORS policy: No 'Access-Control-Allow-Origin' header is present on the requested resource. @ https://diamondbackcovers.com/#?mktz_sp=cd2d4f7a6532ad80e6151b8b8ab0c414&mktz_p=1713761-1778425:0
[   49673ms] [ERROR] Failed to load resource: net::ERR_FAILED @ https://a.klaviyo.com/onsite/track-analytics?company_id=JBFVfw:0
