[     736ms] [LOG] [MKTZ] Consent is disabled @ https://cdn.omniconvert.com/js/tb712b5.js:0
[     738ms] [LOG] options.gaEnabled @ https://cdn.omniconvert.com/js/tb712b5.js:0
[     738ms] [LOG] true @ https://cdn.omniconvert.com/js/tb712b5.js:0
[    3410ms] [LOG] [Loaded CSS, //a.klaviyo.com/media/css/public/klaviyo_subscribe.css] @ https://www.klaviyo.com/media/js/public/klaviyo_subscribe.js:39
[    3411ms] [LOG] [Loaded JS, //cdnjs.cloudflare.com/ajax/libs/jquery.form/3.32/jquery.form.min.js] @ https://www.klaviyo.com/media/js/public/klaviyo_subscribe.js:39
[    3545ms] [WARNING] The PerformanceObserver does not support buffered flag with the entryTypes argument. @ file://experiments.omniconvert.com/segments-0/omni-0-1713317.js:5
[    3560ms] [LOG] [Klaviyo / Onsite] Initializing. @ https://a.klaviyo.com/media/js/onsite/onsite.js:143
[    3560ms] [LOG] [Klaviyo / Onsite] Executing: init @ https://a.klaviyo.com/media/js/onsite/onsite.js:143
[    3560ms] [LOG] [Klaviyo / Onsite] Executing: enable @ https://a.klaviyo.com/media/js/onsite/onsite.js:143
[    3777ms] [LOG] [Klaviyo / Onsite] Variants:  48 Unavailable Variants:  2 @ https://a.klaviyo.com/media/js/onsite/onsite.js:143
[    3783ms] [LOG] [Klaviyo / Onsite] Selected Variant: 31980115034211 @ https://a.klaviyo.com/media/js/onsite/onsite.js:143
[    5269ms] [ERROR] Failed to load resource: the server responded with a status of 410 () @ https://www.paypal.com/tagmanager/pptm.js?id=002ad141-2087-11e8-bfb8-5956e592eb61&shop=diamondback-truck-covers.myshopify.com:0
[    5708ms] [WARNING] Rebuy JS is already loaded. @ https://browser.sentry-cdn.com/10.75.0/bundle.tracing.replay.logs.metrics.min.js:1
[    5790ms] [INFO] k-web-pixel-version 2 @ https://diamondbackcovers.com/web-pixels/strict/app/web-pixel-1301282915@c63c5b72c8d77be5f2d27d14c081da38.js:0
[    6088ms] [WARNING] [Meta Pixel] - Duplicate Pixel ID: 1427881420843612. @ https://browser.sentry-cdn.com/10.75.0/bundle.tracing.replay.logs.metrics.min.js:1
[    6146ms] [WARNING] In a sandboxed environment, addEventListener may not behave as expected. @ https://diamondbackcovers.com/cdn/wpm/s0a3c9e70wd8b01bb2p898e1257m7e92acc4m.js:0
[   11508ms] [LOG] %c

📈 Increased conversion rates
📈 Increased average order value
📈 Increased customer lifetime value


Learn more at: https://developers.rebuyengine.com/

 font-size: 14px; @ https://browser.sentry-cdn.com/10.75.0/bundle.tracing.replay.logs.metrics.min.js:1
[   12597ms] [LOG] cv 31980115034211 @ https://browser.sentry-cdn.com/10.75.0/bundle.tracing.replay.logs.metrics.min.js:1
[   16118ms] [WARNING] [olark][warn] Google Analytics Integration is unable to detect Google Analytics on this page @ https://browser.sentry-cdn.com/10.75.0/bundle.tracing.replay.logs.metrics.min.js:1
